{"ts":"2024-12-13T13:20:27.710536+00:00","level":"INFO","file":"src/lib.rs","line":"10","module_path":"rust_out","msg":"msg"}
